app/page.tsx(23,10): error TS2339: Property 'baseURL' does not exist on type 'YaatraAPI'.
app/page.tsx(24,10): error TS2339: Property 'headers' does not exist on type 'YaatraAPI'.
app/page.tsx(30,14): error TS7006: Parameter 'method' implicitly has an 'any' type.
app/page.tsx(30,22): error TS7006: Parameter 'endpoint' implicitly has an 'any' type.
app/page.tsx(34,23): error TS2339: Property 'headers' does not exist on type 'YaatraAPI'.
app/page.tsx(36,24): error TS2339: Property 'body' does not exist on type '{ method: any; headers: any; }'.
app/page.tsx(38,44): error TS2339: Property 'baseURL' does not exist on type 'YaatraAPI'.
app/page.tsx(48,22): error TS7006: Parameter 'pickup' implicitly has an 'any' type.
app/page.tsx(48,30): error TS7006: Parameter 'dropoff' implicitly has an 'any' type.
app/page.tsx(48,39): error TS7006: Parameter 'vehicleType' implicitly has an 'any' type.
app/page.tsx(49,54): error TS2345: Argument of type '{ pickupLocation: any; dropoffLocation: any; vehicleType: any; }' is not assignable to parameter of type 'null | undefined'.
app/page.tsx(56,20): error TS7006: Parameter 'pickup' implicitly has an 'any' type.
app/page.tsx(56,28): error TS7006: Parameter 'dropoff' implicitly has an 'any' type.
app/page.tsx(56,37): error TS7006: Parameter 'vehicleType' implicitly has an 'any' type.
app/page.tsx(57,47): error TS2345: Argument of type '{ pickupLocation: any; dropoffLocation: any; vehicleType: any; riderId: string | null; }' is not assignable to parameter of type 'null | undefined'.
app/page.tsx(65,23): error TS7006: Parameter 'rideId' implicitly has an 'any' type.
app/page.tsx(69,22): error TS7006: Parameter 'rideId' implicitly has an 'any' type.
app/page.tsx(69,30): error TS7006: Parameter 'rating' implicitly has an 'any' type.
app/page.tsx(69,38): error TS7006: Parameter 'feedback' implicitly has an 'any' type.
app/page.tsx(70,59): error TS2345: Argument of type '{ rating: any; feedback: any; }' is not assignable to parameter of type 'null | undefined'.
app/page.tsx(77,26): error TS7006: Parameter 'driverId' implicitly has an 'any' type.
app/page.tsx(81,20): error TS7006: Parameter 'rideId' implicitly has an 'any' type.
app/page.tsx(81,28): error TS7006: Parameter 'driverId' implicitly has an 'any' type.
app/page.tsx(82,57): error TS2345: Argument of type '{ driverId: any; }' is not assignable to parameter of type 'null | undefined'.
app/page.tsx(87,28): error TS7006: Parameter 'rideId' implicitly has an 'any' type.
app/page.tsx(87,36): error TS7006: Parameter 'lat' implicitly has an 'any' type.
app/page.tsx(87,41): error TS7006: Parameter 'lng' implicitly has an 'any' type.
app/page.tsx(87,46): error TS7006: Parameter 'progress' implicitly has an 'any' type.
app/page.tsx(88,66): error TS2345: Argument of type '{ latitude: any; longitude: any; progressPercentage: any; }' is not assignable to parameter of type 'null | undefined'.
app/page.tsx(100,21): error TS7006: Parameter 'rideId' implicitly has an 'any' type.
app/page.tsx(118,10): error TS2339: Property 'apiKey' does not exist on type 'MapsService'.
app/page.tsx(119,10): error TS2339: Property 'baseURL' does not exist on type 'MapsService'.
app/page.tsx(122,23): error TS7006: Parameter 'origin' implicitly has an 'any' type.
app/page.tsx(122,31): error TS7006: Parameter 'destination' implicitly has an 'any' type.
app/page.tsx(126,17): error TS2339: Property 'apiKey' does not exist on type 'MapsService'.
app/page.tsx(132,17): error TS2339: Property 'baseURL' does not exist on type 'MapsService'.
app/page.tsx(153,16): error TS7006: Parameter 'origin' implicitly has an 'any' type.
app/page.tsx(153,24): error TS7006: Parameter 'destination' implicitly has an 'any' type.
app/page.tsx(159,17): error TS7006: Parameter 'address' implicitly has an 'any' type.
app/page.tsx(162,17): error TS2339: Property 'apiKey' does not exist on type 'MapsService'.
app/page.tsx(167,17): error TS2339: Property 'baseURL' does not exist on type 'MapsService'.
app/page.tsx(186,29): error TS7006: Parameter 'expectedKm' implicitly has an 'any' type.
app/page.tsx(186,41): error TS7006: Parameter 'actualKm' implicitly has an 'any' type.
app/page.tsx(304,21): error TS2345: Argument of type '(prev: { screen: string; pickup: string; dropoff: string; vehicleType: string; pickupLocation: null; dropoffLocation: null; fare: null; distance: null; duration: null; rideId: null; driver: null; progress: number; rating: number; feedback: string; }) => { ...; }' is not assignable to parameter of type 'SetStateAction<{ screen: string; pickup: string; dropoff: string; vehicleType: string; pickupLocation: null; dropoffLocation: null; fare: null; distance: null; duration: null; rideId: null; driver: null; progress: number; rating: number; feedback: string; }>'.
  Type '(prev: { screen: string; pickup: string; dropoff: string; vehicleType: string; pickupLocation: null; dropoffLocation: null; fare: null; distance: null; duration: null; rideId: null; driver: null; progress: number; rating: number; feedback: string; }) => { ...; }' is not assignable to type '(prevState: { screen: string; pickup: string; dropoff: string; vehicleType: string; pickupLocation: null; dropoffLocation: null; fare: null; distance: null; duration: null; rideId: null; driver: null; progress: number; rating: number; feedback: string; }) => { ...; }'.
    Call signature return types '{ screen: string; distance: string; duration: number; fare: any; pickup: string; dropoff: string; vehicleType: string; pickupLocation: null; dropoffLocation: null; rideId: null; driver: null; progress: number; rating: number; feedback: string; }' and '{ screen: string; pickup: string; dropoff: string; vehicleType: string; pickupLocation: null; dropoffLocation: null; fare: null; distance: null; duration: null; rideId: null; driver: null; progress: number; rating: number; feedback: string; }' are incompatible.
      The types of 'distance' are incompatible between these types.
        Type 'string' is not assignable to type 'null'.
app/page.tsx(333,23): error TS2345: Argument of type '(prev: { screen: string; pickup: string; dropoff: string; vehicleType: string; pickupLocation: null; dropoffLocation: null; fare: null; distance: null; duration: null; rideId: null; driver: null; progress: number; rating: number; feedback: string; }) => { ...; }' is not assignable to parameter of type 'SetStateAction<{ screen: string; pickup: string; dropoff: string; vehicleType: string; pickupLocation: null; dropoffLocation: null; fare: null; distance: null; duration: null; rideId: null; driver: null; progress: number; rating: number; feedback: string; }>'.
  Type '(prev: { screen: string; pickup: string; dropoff: string; vehicleType: string; pickupLocation: null; dropoffLocation: null; fare: null; distance: null; duration: null; rideId: null; driver: null; progress: number; rating: number; feedback: string; }) => { ...; }' is not assignable to type '(prevState: { screen: string; pickup: string; dropoff: string; vehicleType: string; pickupLocation: null; dropoffLocation: null; fare: null; distance: null; duration: null; rideId: null; driver: null; progress: number; rating: number; feedback: string; }) => { ...; }'.
    Call signature return types '{ screen: string; driver: { name: string; rating: number; vehicle: string; plate: string; eta: number; }; pickup: string; dropoff: string; vehicleType: string; pickupLocation: null; dropoffLocation: null; ... 6 more ...; feedback: string; }' and '{ screen: string; pickup: string; dropoff: string; vehicleType: string; pickupLocation: null; dropoffLocation: null; fare: null; distance: null; duration: null; rideId: null; driver: null; progress: number; rating: number; feedback: string; }' are incompatible.
      The types of 'driver' are incompatible between these types.
        Type '{ name: string; rating: number; vehicle: string; plate: string; eta: number; }' is not assignable to type 'null'.
app/page.tsx(404,24): error TS2345: Argument of type '(prev: { screen: string; online: boolean; earnings: number; tripsToday: number; rating: number; acceptedRide: null; incomingRides: never[]; currentLocation: { lat: number; lng: number; }; progress: number; }) => { ...; }' is not assignable to parameter of type 'SetStateAction<{ screen: string; online: boolean; earnings: number; tripsToday: number; rating: number; acceptedRide: null; incomingRides: never[]; currentLocation: { lat: number; lng: number; }; progress: number; }>'.
  Type '(prev: { screen: string; online: boolean; earnings: number; tripsToday: number; rating: number; acceptedRide: null; incomingRides: never[]; currentLocation: { lat: number; lng: number; }; progress: number; }) => { ...; }' is not assignable to type '(prevState: { screen: string; online: boolean; earnings: number; tripsToday: number; rating: number; acceptedRide: null; incomingRides: never[]; currentLocation: { lat: number; lng: number; }; progress: number; }) => { ...; }'.
    Call signature return types '{ incomingRides: { id: string; pickup: string; dropoff: string; distance: number; fare: string; passenger: string; rating: number; }[]; screen: string; online: boolean; earnings: number; tripsToday: number; rating: number; acceptedRide: null; currentLocation: { ...; }; progress: number; }' and '{ screen: string; online: boolean; earnings: number; tripsToday: number; rating: number; acceptedRide: null; incomingRides: never[]; currentLocation: { lat: number; lng: number; }; progress: number; }' are incompatible.
      The types of 'incomingRides' are incompatible between these types.
        Type '{ id: string; pickup: string; dropoff: string; distance: number; fare: string; passenger: string; rating: number; }[]' is not assignable to type 'never[]'.
          Type '{ id: string; pickup: string; dropoff: string; distance: number; fare: string; passenger: string; rating: number; }' is not assignable to type 'never'.
app/page.tsx(422,29): error TS7006: Parameter 'rideId' implicitly has an 'any' type.
app/page.tsx(426,58): error TS2339: Property 'id' does not exist on type 'never'.
app/page.tsx(427,22): error TS2345: Argument of type '(prev: { screen: string; online: boolean; earnings: number; tripsToday: number; rating: number; acceptedRide: null; incomingRides: never[]; currentLocation: { lat: number; lng: number; }; progress: number; }) => { ...; }' is not assignable to parameter of type 'SetStateAction<{ screen: string; online: boolean; earnings: number; tripsToday: number; rating: number; acceptedRide: null; incomingRides: never[]; currentLocation: { lat: number; lng: number; }; progress: number; }>'.
  Type '(prev: { screen: string; online: boolean; earnings: number; tripsToday: number; rating: number; acceptedRide: null; incomingRides: never[]; currentLocation: { lat: number; lng: number; }; progress: number; }) => { ...; }' is not assignable to type '(prevState: { screen: string; online: boolean; earnings: number; tripsToday: number; rating: number; acceptedRide: null; incomingRides: never[]; currentLocation: { lat: number; lng: number; }; progress: number; }) => { ...; }'.
    Call signature return types '{ acceptedRide: undefined; screen: string; incomingRides: never[]; online: boolean; earnings: number; tripsToday: number; rating: number; currentLocation: { lat: number; lng: number; }; progress: number; }' and '{ screen: string; online: boolean; earnings: number; tripsToday: number; rating: number; acceptedRide: null; incomingRides: never[]; currentLocation: { lat: number; lng: number; }; progress: number; }' are incompatible.
      The types of 'acceptedRide' are incompatible between these types.
        Type 'undefined' is not assignable to type 'null'.
app/page.tsx(441,10): error TS2322: Type '{ flex: number; display: string; flexDirection: string; maxWidth: string; margin: string; width: string; position: string; }' is not assignable to type 'Properties<string | number, string & {}>'.
  Types of property 'flexDirection' are incompatible.
    Type 'string' is not assignable to type 'FlexDirection | undefined'.
app/page.tsx(465,13): error TS2322: Type '{ width: string; padding: string; backgroundColor: string; border: string; borderRadius: string; fontSize: string; boxSizing: string; }' is not assignable to type 'Properties<string | number, string & {}>'.
  Types of property 'boxSizing' are incompatible.
    Type 'string' is not assignable to type 'BoxSizing | undefined'.
app/page.tsx(476,13): error TS2322: Type '{ width: string; padding: string; backgroundColor: string; border: string; borderRadius: string; fontSize: string; boxSizing: string; }' is not assignable to type 'Properties<string | number, string & {}>'.
  Types of property 'boxSizing' are incompatible.
    Type 'string' is not assignable to type 'BoxSizing | undefined'.
app/page.tsx(507,10): error TS2322: Type '{ flex: number; display: string; flexDirection: string; maxWidth: string; margin: string; width: string; position: string; }' is not assignable to type 'Properties<string | number, string & {}>'.
  Types of property 'flexDirection' are incompatible.
    Type 'string' is not assignable to type 'FlexDirection | undefined'.
app/page.tsx(520,14): error TS2322: Type '{ textAlign: string; fontSize: string; color: string; marginBottom: string; display: string; gap: string; justifyContent: string; }' is not assignable to type 'Properties<string | number, string & {}>'.
  Types of property 'textAlign' are incompatible.
    Type 'string' is not assignable to type 'TextAlign | undefined'.
app/page.tsx(534,22): error TS18047: 'riderState.distance' is possibly 'null'.
app/page.tsx(539,64): error TS2339: Property 'totalFare' does not exist on type 'never'.
app/page.tsx(551,10): error TS2322: Type '{ flex: number; display: string; flexDirection: string; maxWidth: string; margin: string; width: string; position: string; }' is not assignable to type 'Properties<string | number, string & {}>'.
  Types of property 'flexDirection' are incompatible.
    Type 'string' is not assignable to type 'FlexDirection | undefined'.
app/page.tsx(552,12): error TS2322: Type '{ flex: number; display: string; flexDirection: string; alignItems: string; justifyContent: string; padding: string; }' is not assignable to type 'Properties<string | number, string & {}>'.
  Types of property 'flexDirection' are incompatible.
    Type 'string' is not assignable to type 'FlexDirection | undefined'.
app/page.tsx(564,10): error TS2322: Type '{ flex: number; display: string; flexDirection: string; maxWidth: string; margin: string; width: string; position: string; }' is not assignable to type 'Properties<string | number, string & {}>'.
  Types of property 'flexDirection' are incompatible.
    Type 'string' is not assignable to type 'FlexDirection | undefined'.
app/page.tsx(575,39): error TS18047: 'riderState.driver' is possibly 'null'.
app/page.tsx(577,18): error TS18047: 'riderState.driver' is possibly 'null'.
app/page.tsx(578,19): error TS18047: 'riderState.driver' is possibly 'null'.
app/page.tsx(578,48): error TS18047: 'riderState.driver' is possibly 'null'.
app/page.tsx(579,36): error TS18047: 'riderState.driver' is possibly 'null'.
app/page.tsx(591,10): error TS2322: Type '{ flex: number; display: string; flexDirection: string; maxWidth: string; margin: string; width: string; position: string; }' is not assignable to type 'Properties<string | number, string & {}>'.
  Types of property 'flexDirection' are incompatible.
    Type 'string' is not assignable to type 'FlexDirection | undefined'.
app/page.tsx(593,14): error TS2322: Type '{ padding: string; textAlign: string; }' is not assignable to type 'Properties<string | number, string & {}>'.
  Types of property 'textAlign' are incompatible.
    Type 'string' is not assignable to type 'TextAlign | undefined'.
app/page.tsx(603,39): error TS18047: 'riderState.driver' is possibly 'null'.
app/page.tsx(605,18): error TS18047: 'riderState.driver' is possibly 'null'.
app/page.tsx(606,19): error TS18047: 'riderState.driver' is possibly 'null'.
app/page.tsx(608,55): error TS2339: Property 'totalFare' does not exist on type 'never'.
app/page.tsx(621,10): error TS2322: Type '{ flex: number; display: string; flexDirection: string; maxWidth: string; margin: string; width: string; position: string; }' is not assignable to type 'Properties<string | number, string & {}>'.
  Types of property 'flexDirection' are incompatible.
    Type 'string' is not assignable to type 'FlexDirection | undefined'.
app/page.tsx(628,28): error TS2339: Property 'summaryRow' does not exist on type '{ app: { fontFamily: string; backgroundColor: string; minHeight: string; display: string; flexDirection: string; }; nav: { display: string; gap: string; padding: string; backgroundColor: string; borderBottom: string; position: string; top: number; zIndex: number; }; ... 57 more ...; userIcon: { ...; }; }'.
app/page.tsx(632,28): error TS2339: Property 'summaryRow' does not exist on type '{ app: { fontFamily: string; backgroundColor: string; minHeight: string; display: string; flexDirection: string; }; nav: { display: string; gap: string; padding: string; backgroundColor: string; borderBottom: string; position: string; top: number; zIndex: number; }; ... 57 more ...; userIcon: { ...; }; }'.
app/page.tsx(639,36): error TS2339: Property 'totalFare' does not exist on type 'never'.
app/page.tsx(650,10): error TS2322: Type '{ flex: number; display: string; flexDirection: string; maxWidth: string; margin: string; width: string; position: string; }' is not assignable to type 'Properties<string | number, string & {}>'.
  Types of property 'flexDirection' are incompatible.
    Type 'string' is not assignable to type 'FlexDirection | undefined'.
app/page.tsx(651,12): error TS2322: Type '{ flex: number; display: string; flexDirection: string; alignItems: string; justifyContent: string; padding: string; }' is not assignable to type 'Properties<string | number, string & {}>'.
  Types of property 'flexDirection' are incompatible.
    Type 'string' is not assignable to type 'FlexDirection | undefined'.
app/page.tsx(653,36): error TS17001: JSX elements cannot have multiple attributes with the same name.
app/page.tsx(654,12): error TS18047: 'riderState.driver' is possibly 'null'.
app/page.tsx(656,14): error TS18047: 'riderState.driver' is possibly 'null'.
app/page.tsx(674,11): error TS2322: Type '{ width: string; padding: string; minHeight: string; borderRadius: string; border: string; fontSize: string; fontFamily: string; marginBottom: string; boxSizing: string; }' is not assignable to type 'Properties<string | number, string & {}>'.
  Types of property 'boxSizing' are incompatible.
    Type 'string' is not assignable to type 'BoxSizing | undefined'.
app/page.tsx(687,10): error TS2322: Type '{ flex: number; display: string; flexDirection: string; maxWidth: string; margin: string; width: string; position: string; }' is not assignable to type 'Properties<string | number, string & {}>'.
  Types of property 'flexDirection' are incompatible.
    Type 'string' is not assignable to type 'FlexDirection | undefined'.
app/page.tsx(706,14): error TS2322: Type '{ backgroundColor: string; borderRadius: string; padding: string; textAlign: string; }' is not assignable to type 'Properties<string | number, string & {}>'.
  Types of property 'textAlign' are incompatible.
    Type 'string' is not assignable to type 'TextAlign | undefined'.
app/page.tsx(710,14): error TS2322: Type '{ backgroundColor: string; borderRadius: string; padding: string; textAlign: string; }' is not assignable to type 'Properties<string | number, string & {}>'.
  Types of property 'textAlign' are incompatible.
    Type 'string' is not assignable to type 'TextAlign | undefined'.
app/page.tsx(714,14): error TS2322: Type '{ backgroundColor: string; borderRadius: string; padding: string; textAlign: string; }' is not assignable to type 'Properties<string | number, string & {}>'.
  Types of property 'textAlign' are incompatible.
    Type 'string' is not assignable to type 'TextAlign | undefined'.
app/page.tsx(724,28): error TS2339: Property 'id' does not exist on type 'never'.
app/page.tsx(726,31): error TS2339: Property 'pickup' does not exist on type 'never'.
app/page.tsx(727,31): error TS2339: Property 'dropoff' does not exist on type 'never'.
app/page.tsx(730,29): error TS2339: Property 'distance' does not exist on type 'never'.
app/page.tsx(731,29): error TS2339: Property 'fare' does not exist on type 'never'.
app/page.tsx(732,29): error TS2339: Property 'passenger' does not exist on type 'never'.
app/page.tsx(732,48): error TS2339: Property 'rating' does not exist on type 'never'.
app/page.tsx(734,54): error TS2339: Property 'id' does not exist on type 'never'.
app/page.tsx(745,10): error TS2322: Type '{ flex: number; display: string; flexDirection: string; maxWidth: string; margin: string; width: string; position: string; }' is not assignable to type 'Properties<string | number, string & {}>'.
  Types of property 'flexDirection' are incompatible.
    Type 'string' is not assignable to type 'FlexDirection | undefined'.
app/page.tsx(747,14): error TS2322: Type '{ padding: string; textAlign: string; }' is not assignable to type 'Properties<string | number, string & {}>'.
  Types of property 'textAlign' are incompatible.
    Type 'string' is not assignable to type 'TextAlign | undefined'.
app/page.tsx(757,46): error TS2339: Property 'pickup' does not exist on type 'never'.
app/page.tsx(758,46): error TS2339: Property 'dropoff' does not exist on type 'never'.
app/page.tsx(761,55): error TS2339: Property 'passenger' does not exist on type 'never'.
app/page.tsx(762,50): error TS2339: Property 'fare' does not exist on type 'never'.
app/page.tsx(786,10): error TS2322: Type '{ flex: number; display: string; flexDirection: string; maxWidth: string; margin: string; width: string; position: string; }' is not assignable to type 'Properties<string | number, string & {}>'.
  Types of property 'flexDirection' are incompatible.
    Type 'string' is not assignable to type 'FlexDirection | undefined'.
app/page.tsx(794,16): error TS2322: Type '{ backgroundColor: string; borderRadius: string; padding: string; textAlign: string; }' is not assignable to type 'Properties<string | number, string & {}>'.
  Types of property 'textAlign' are incompatible.
    Type 'string' is not assignable to type 'TextAlign | undefined'.
app/page.tsx(798,16): error TS2322: Type '{ backgroundColor: string; borderRadius: string; padding: string; textAlign: string; }' is not assignable to type 'Properties<string | number, string & {}>'.
  Types of property 'textAlign' are incompatible.
    Type 'string' is not assignable to type 'TextAlign | undefined'.
app/page.tsx(802,16): error TS2322: Type '{ backgroundColor: string; borderRadius: string; padding: string; textAlign: string; }' is not assignable to type 'Properties<string | number, string & {}>'.
  Types of property 'textAlign' are incompatible.
    Type 'string' is not assignable to type 'TextAlign | undefined'.
app/page.tsx(806,16): error TS2322: Type '{ backgroundColor: string; borderRadius: string; padding: string; textAlign: string; }' is not assignable to type 'Properties<string | number, string & {}>'.
  Types of property 'textAlign' are incompatible.
    Type 'string' is not assignable to type 'TextAlign | undefined'.
app/page.tsx(817,47): error TS2339: Property 'severity' does not exist on type 'never'.
app/page.tsx(818,28): error TS2339: Property 'severity' does not exist on type 'never'.
app/page.tsx(820,39): error TS2339: Property 'driverId' does not exist on type 'never'.
app/page.tsx(820,68): error TS2339: Property 'expectedDistance' does not exist on type 'never'.
app/page.tsx(820,102): error TS2339: Property 'actualDistance' does not exist on type 'never'.
app/page.tsx(821,58): error TS2339: Property 'variance' does not exist on type 'never'.
app/page.tsx(833,29): error TS2339: Property 'message' does not exist on type 'never'.
app/page.tsx(845,30): error TS2339: Property 'message' does not exist on type 'never'.
app/page.tsx(857,10): error TS2322: Type '{ fontFamily: string; backgroundColor: string; minHeight: string; display: string; flexDirection: string; }' is not assignable to type 'Properties<string | number, string & {}>'.
  Types of property 'flexDirection' are incompatible.
    Type 'string' is not assignable to type 'FlexDirection | undefined'.
app/page.tsx(858,12): error TS2322: Type '{ display: string; gap: string; padding: string; backgroundColor: string; borderBottom: string; position: string; top: number; zIndex: number; }' is not assignable to type 'Properties<string | number, string & {}>'.
  Types of property 'position' are incompatible.
    Type 'string' is not assignable to type 'Position | undefined'.
app/page.tsx(1184,3): error TS1117: An object literal cannot have multiple properties with the same name.
app/page.tsx(1188,3): error TS1117: An object literal cannot have multiple properties with the same name.
